../Core/Src/main.c:52:8:sat	24	static
../Core/Src/main.c:66:8:piCont	40	static
../Core/Src/main.c:127:6:HAL_TIM_PeriodElapsedCallback	16	static
../Core/Src/main.c:134:6:HAL_GPIO_EXTI_Callback	16	static
../Core/Src/main.c:142:6:HAL_UART_RxCpltCallback	16	static
../Core/Src/main.c:148:8:LPF	32	static
../Core/Src/main.c:157:5:main	24	static
../Core/Src/main.c:242:6:SystemClock_Config	72	static
../Core/Src/main.c:282:13:MX_TIM2_Init	64	static
../Core/Src/main.c:341:13:MX_USART3_UART_Init	8	static
../Core/Src/main.c:372:13:MX_DMA_Init	16	static
../Core/Src/main.c:393:13:MX_GPIO_Init	40	static
../Core/Src/main.c:422:6:Error_Handler	4	static,ignoring_inline_asm
